docs/reviews/issue-05/E1a:
total 24
drwxr-xr-x 3 kaan kaan 4096 Sep  9 18:27 .
drwxr-xr-x 4 kaan kaan 4096 Sep  9 18:27 ..
-rw-r--r-- 1 kaan kaan 3513 Sep  9 18:27 README.md
-rw-r--r-- 1 kaan kaan 1274 Sep  9 18:27 comparisons.md
-rw-r--r-- 1 kaan kaan 2303 Sep  9 18:27 config-support.md
drwxr-xr-x 2 kaan kaan 4096 Sep  9 18:30 logs

docs/reviews/issue-05/E1a/logs:
total 28
drwxr-xr-x 2 kaan kaan 4096 Sep  9 18:30 .
drwxr-xr-x 3 kaan kaan 4096 Sep  9 18:27 ..
-rw-r--r-- 1 kaan kaan    0 Sep  9 18:29 clirunner-probe.stderr.log
-rw-r--r-- 1 kaan kaan  257 Sep  9 18:29 clirunner-probe.stdout.log
-rw-r--r-- 1 kaan kaan    0 Sep  9 18:30 delivery-tree.stderr.log
-rw-r--r-- 1 kaan kaan    0 Sep  9 18:30 delivery-tree.stdout.log
-rw-r--r-- 1 kaan kaan  223 Sep  9 18:29 git-diff-end.txt
-rw-r--r-- 1 kaan kaan   41 Sep  9 18:29 git-head-end.txt
-rw-r--r-- 1 kaan kaan  293 Sep  9 18:29 git-status-end.txt
-rw-r--r-- 1 kaan kaan    0 Sep  9 18:29 inventory-run.stderr.log
-rw-r--r-- 1 kaan kaan   10 Sep  9 18:29 inventory-run.stdout.log
