docs/reviews/issue-05/E1b:
total 124
drwxr-xr-x 3 kaan kaan  4096 Sep  9 18:45 .
drwxr-xr-x 5 kaan kaan  4096 Sep  9 18:43 ..
-rw-r--r-- 1 kaan kaan  3716 Sep  9 18:44 README.md
-rw-r--r-- 1 kaan kaan 12783 Sep  9 18:45 commands.jsonl
-rw-r--r-- 1 kaan kaan  1529 Sep  9 18:44 comparisons.md
-rw-r--r-- 1 kaan kaan  5036 Sep  9 18:44 e1b.diff
-rw-r--r-- 1 kaan kaan   983 Sep  9 18:44 hashes-end.txt
-rw-r--r-- 1 kaan kaan   739 Sep  9 18:44 hashes-start.txt
drwxr-xr-x 2 kaan kaan  4096 Sep  9 18:45 logs
-rw-r--r-- 1 kaan kaan 70261 Sep  9 18:44 run-outputs.sha256

docs/reviews/issue-05/E1b/logs:
total 56
drwxr-xr-x 2 kaan kaan 4096 Sep  9 18:45 .
drwxr-xr-x 3 kaan kaan 4096 Sep  9 18:45 ..
-rw-r--r-- 1 kaan kaan    2 Sep  9 18:44 compare-e0.exit
-rw-r--r-- 1 kaan kaan    0 Sep  9 18:44 compare-e0.stderr.log
-rw-r--r-- 1 kaan kaan  648 Sep  9 18:44 compare-e0.stdout.log
-rw-r--r-- 1 kaan kaan    0 Sep  9 18:45 delivery-tree.stderr.log
-rw-r--r-- 1 kaan kaan    0 Sep  9 18:45 delivery-tree.stdout.log
-rw-r--r-- 1 kaan kaan  434 Sep  9 18:44 git-status-end.txt
-rw-r--r-- 1 kaan kaan    0 Sep  9 18:43 mypy.stderr.log
-rw-r--r-- 1 kaan kaan   43 Sep  9 18:43 mypy.stdout.log
-rw-r--r-- 1 kaan kaan    0 Sep  9 18:43 pytest-targeted.stderr.log
-rw-r--r-- 1 kaan kaan  100 Sep  9 18:43 pytest-targeted.stdout.log
-rw-r--r-- 1 kaan kaan    0 Sep  9 18:43 ruff-check.stderr.log
-rw-r--r-- 1 kaan kaan   19 Sep  9 18:43 ruff-check.stdout.log
-rw-r--r-- 1 kaan kaan    0 Sep  9 18:43 ruff-format.stderr.log
-rw-r--r-- 1 kaan kaan   26 Sep  9 18:43 ruff-format.stdout.log
-rw-r--r-- 1 kaan kaan   21 Sep  9 18:44 run.end
-rw-r--r-- 1 kaan kaan    2 Sep  9 18:44 run.exit
-rw-r--r-- 1 kaan kaan   21 Sep  9 18:44 run.start
-rw-r--r-- 1 kaan kaan    0 Sep  9 18:44 run.stderr.log
-rw-r--r-- 1 kaan kaan   72 Sep  9 18:44 run.stdout.log
-rw-r--r-- 1 kaan kaan    0 Sep  9 18:44 sloplab-e1b-pytest-full.stderr.log
-rw-r--r-- 1 kaan kaan  341 Sep  9 18:44 sloplab-e1b-pytest-full.stdout.log
