adversarial/authz-001/mut-authz-001-fabricate-reference-08/mutation-manifest.yaml: OK
adversarial/authz-001/mut-authz-001-fabricate-reference-08/report.md: OK
adversarial/authz-001/mut-authz-001-impact-inflation-03/mutation-manifest.yaml: OK
adversarial/authz-001/mut-authz-001-impact-inflation-03/report.md: OK
adversarial/authz-001/mut-authz-001-invent-api-identifier-05/mutation-manifest.yaml: OK
adversarial/authz-001/mut-authz-001-invent-api-identifier-05/report.md: OK
adversarial/authz-001/mut-authz-001-professionalize-language-06/mutation-manifest.yaml: OK
adversarial/authz-001/mut-authz-001-professionalize-language-06/report.md: OK
adversarial/authz-001/mut-authz-001-remove-affected-version-02/mutation-manifest.yaml: OK
adversarial/authz-001/mut-authz-001-remove-affected-version-02/report.md: OK
adversarial/authz-001/mut-authz-001-remove-reproduction-step-01/mutation-manifest.yaml: OK
adversarial/authz-001/mut-authz-001-remove-reproduction-step-01/report.md: OK
adversarial/authz-001/mut-authz-001-scope-expansion-04/mutation-manifest.yaml: OK
adversarial/authz-001/mut-authz-001-scope-expansion-04/report.md: OK
adversarial/authz2-014/mut-authz2-014-fabricate-reference-07/mutation-manifest.yaml: OK
adversarial/authz2-014/mut-authz2-014-fabricate-reference-07/report.md: OK
adversarial/authz2-014/mut-authz2-014-impact-inflation-02/mutation-manifest.yaml: OK
adversarial/authz2-014/mut-authz2-014-impact-inflation-02/report.md: OK
adversarial/authz2-014/mut-authz2-014-invent-api-identifier-04/mutation-manifest.yaml: OK
adversarial/authz2-014/mut-authz2-014-invent-api-identifier-04/report.md: OK
adversarial/authz2-014/mut-authz2-014-misattribute-cve-08/mutation-manifest.yaml: OK
adversarial/authz2-014/mut-authz2-014-misattribute-cve-08/report.md: OK
adversarial/authz2-014/mut-authz2-014-professionalize-language-05/mutation-manifest.yaml: OK
adversarial/authz2-014/mut-authz2-014-professionalize-language-05/report.md: OK
adversarial/authz2-014/mut-authz2-014-remove-affected-version-01/mutation-manifest.yaml: OK
adversarial/authz2-014/mut-authz2-014-remove-affected-version-01/report.md: OK
adversarial/authz2-014/mut-authz2-014-scope-expansion-03/mutation-manifest.yaml: OK
adversarial/authz2-014/mut-authz2-014-scope-expansion-03/report.md: OK
adversarial/cachehdr-024/mut-cachehdr-024-add-irrelevant-detail-05/mutation-manifest.yaml: OK
adversarial/cachehdr-024/mut-cachehdr-024-add-irrelevant-detail-05/report.md: OK
adversarial/cachehdr-024/mut-cachehdr-024-professionalize-language-04/mutation-manifest.yaml: OK
adversarial/cachehdr-024/mut-cachehdr-024-professionalize-language-04/report.md: OK
adversarial/cachehdr-024/mut-cachehdr-024-remove-affected-version-02/mutation-manifest.yaml: OK
adversarial/cachehdr-024/mut-cachehdr-024-remove-affected-version-02/report.md: OK
adversarial/cachehdr-024/mut-cachehdr-024-remove-reproduction-step-01/mutation-manifest.yaml: OK
adversarial/cachehdr-024/mut-cachehdr-024-remove-reproduction-step-01/report.md: OK
adversarial/cachepois-027/mut-cachepois-027-add-irrelevant-detail-04/mutation-manifest.yaml: OK
adversarial/cachepois-027/mut-cachepois-027-add-irrelevant-detail-04/report.md: OK
adversarial/cachepois-027/mut-cachepois-027-professionalize-language-03/mutation-manifest.yaml: OK
adversarial/cachepois-027/mut-cachepois-027-professionalize-language-03/report.md: OK
adversarial/cachepois-027/mut-cachepois-027-remove-affected-version-01/mutation-manifest.yaml: OK
adversarial/cachepois-027/mut-cachepois-027-remove-affected-version-01/report.md: OK
adversarial/cachepois-027/mut-cachepois-027-remove-reproduction-step-05/mutation-manifest.yaml: OK
adversarial/cachepois-027/mut-cachepois-027-remove-reproduction-step-05/report.md: OK
adversarial/corswild-025/mut-corswild-025-add-irrelevant-detail-03/mutation-manifest.yaml: OK
adversarial/corswild-025/mut-corswild-025-add-irrelevant-detail-03/report.md: OK
adversarial/corswild-025/mut-corswild-025-professionalize-language-01/mutation-manifest.yaml: OK
adversarial/corswild-025/mut-corswild-025-professionalize-language-01/report.md: OK
adversarial/corswild-025/mut-corswild-025-scope-expansion-04/mutation-manifest.yaml: OK
adversarial/corswild-025/mut-corswild-025-scope-expansion-04/report.md: OK
adversarial/crypto-011/mut-crypto-011-add-irrelevant-detail-03/mutation-manifest.yaml: OK
adversarial/crypto-011/mut-crypto-011-add-irrelevant-detail-03/report.md: OK
adversarial/crypto-011/mut-crypto-011-professionalize-language-02/mutation-manifest.yaml: OK
adversarial/crypto-011/mut-crypto-011-professionalize-language-02/report.md: OK
adversarial/crypto-011/mut-crypto-011-remove-affected-version-05/mutation-manifest.yaml: OK
adversarial/crypto-011/mut-crypto-011-remove-affected-version-05/report.md: OK
adversarial/crypto-011/mut-crypto-011-remove-reproduction-step-04/mutation-manifest.yaml: OK
adversarial/crypto-011/mut-crypto-011-remove-reproduction-step-04/report.md: OK
adversarial/cspnonc-021/mut-cspnonc-021-add-irrelevant-detail-02/mutation-manifest.yaml: OK
adversarial/cspnonc-021/mut-cspnonc-021-add-irrelevant-detail-02/report.md: OK
adversarial/cspnonc-021/mut-cspnonc-021-professionalize-language-01/mutation-manifest.yaml: OK
adversarial/cspnonc-021/mut-cspnonc-021-professionalize-language-01/report.md: OK
adversarial/cspnonc-021/mut-cspnonc-021-remove-affected-version-04/mutation-manifest.yaml: OK
adversarial/cspnonc-021/mut-cspnonc-021-remove-affected-version-04/report.md: OK
adversarial/cspnonc-021/mut-cspnonc-021-remove-reproduction-step-03/mutation-manifest.yaml: OK
adversarial/cspnonc-021/mut-cspnonc-021-remove-reproduction-step-03/report.md: OK
adversarial/csvinj-017/mut-csvinj-017-fabricate-reference-06/mutation-manifest.yaml: OK
adversarial/csvinj-017/mut-csvinj-017-fabricate-reference-06/report.md: OK
adversarial/csvinj-017/mut-csvinj-017-impact-inflation-01/mutation-manifest.yaml: OK
adversarial/csvinj-017/mut-csvinj-017-impact-inflation-01/report.md: OK
adversarial/csvinj-017/mut-csvinj-017-impossible-precondition-08/mutation-manifest.yaml: OK
adversarial/csvinj-017/mut-csvinj-017-impossible-precondition-08/report.md: OK
adversarial/csvinj-017/mut-csvinj-017-invent-api-identifier-03/mutation-manifest.yaml: OK
adversarial/csvinj-017/mut-csvinj-017-invent-api-identifier-03/report.md: OK
adversarial/csvinj-017/mut-csvinj-017-misattribute-cve-07/mutation-manifest.yaml: OK
adversarial/csvinj-017/mut-csvinj-017-misattribute-cve-07/report.md: OK
adversarial/csvinj-017/mut-csvinj-017-professionalize-language-04/mutation-manifest.yaml: OK
adversarial/csvinj-017/mut-csvinj-017-professionalize-language-04/report.md: OK
adversarial/csvinj-017/mut-csvinj-017-scope-expansion-02/mutation-manifest.yaml: OK
adversarial/csvinj-017/mut-csvinj-017-scope-expansion-02/report.md: OK
adversarial/deserial-030/mut-deserial-030-add-irrelevant-detail-01/mutation-manifest.yaml: OK
adversarial/deserial-030/mut-deserial-030-add-irrelevant-detail-01/report.md: OK
adversarial/deserial-030/mut-deserial-030-professionalize-language-05/mutation-manifest.yaml: OK
adversarial/deserial-030/mut-deserial-030-professionalize-language-05/report.md: OK
adversarial/deserial-030/mut-deserial-030-remove-affected-version-03/mutation-manifest.yaml: OK
adversarial/deserial-030/mut-deserial-030-remove-affected-version-03/report.md: OK
adversarial/deserial-030/mut-deserial-030-remove-reproduction-step-02/mutation-manifest.yaml: OK
adversarial/deserial-030/mut-deserial-030-remove-reproduction-step-02/report.md: OK
adversarial/dup-007/mut-dup-007-add-irrelevant-detail-02/mutation-manifest.yaml: OK
adversarial/dup-007/mut-dup-007-add-irrelevant-detail-02/report.md: OK
adversarial/dup-007/mut-dup-007-professionalize-language-04/mutation-manifest.yaml: OK
adversarial/dup-007/mut-dup-007-professionalize-language-04/report.md: OK
adversarial/dup-007/mut-dup-007-scope-expansion-03/mutation-manifest.yaml: OK
adversarial/dup-007/mut-dup-007-scope-expansion-03/report.md: OK
adversarial/filetype-023/mut-filetype-023-add-irrelevant-detail-05/mutation-manifest.yaml: OK
adversarial/filetype-023/mut-filetype-023-add-irrelevant-detail-05/report.md: OK
adversarial/filetype-023/mut-filetype-023-professionalize-language-04/mutation-manifest.yaml: OK
adversarial/filetype-023/mut-filetype-023-professionalize-language-04/report.md: OK
adversarial/filetype-023/mut-filetype-023-remove-affected-version-02/mutation-manifest.yaml: OK
adversarial/filetype-023/mut-filetype-023-remove-affected-version-02/report.md: OK
adversarial/filetype-023/mut-filetype-023-remove-reproduction-step-01/mutation-manifest.yaml: OK
adversarial/filetype-023/mut-filetype-023-remove-reproduction-step-01/report.md: OK
adversarial/ghauthz-015/mut-ghauthz-015-contradict-observed-result-08/mutation-manifest.yaml: OK
adversarial/ghauthz-015/mut-ghauthz-015-contradict-observed-result-08/report.md: OK
adversarial/ghauthz-015/mut-ghauthz-015-fabricate-reference-05/mutation-manifest.yaml: OK
adversarial/ghauthz-015/mut-ghauthz-015-fabricate-reference-05/report.md: OK
adversarial/ghauthz-015/mut-ghauthz-015-impossible-precondition-07/mutation-manifest.yaml: OK
adversarial/ghauthz-015/mut-ghauthz-015-impossible-precondition-07/report.md: OK
adversarial/ghauthz-015/mut-ghauthz-015-invent-api-identifier-02/mutation-manifest.yaml: OK
adversarial/ghauthz-015/mut-ghauthz-015-invent-api-identifier-02/report.md: OK
adversarial/ghauthz-015/mut-ghauthz-015-misattribute-cve-06/mutation-manifest.yaml: OK
adversarial/ghauthz-015/mut-ghauthz-015-misattribute-cve-06/report.md: OK
adversarial/ghauthz-015/mut-ghauthz-015-professionalize-language-03/mutation-manifest.yaml: OK
adversarial/ghauthz-015/mut-ghauthz-015-professionalize-language-03/report.md: OK
adversarial/ghauthz-015/mut-ghauthz-015-scope-expansion-01/mutation-manifest.yaml: OK
adversarial/ghauthz-015/mut-ghauthz-015-scope-expansion-01/report.md: OK
adversarial/graphql-028/mut-graphql-028-add-irrelevant-detail-04/mutation-manifest.yaml: OK
adversarial/graphql-028/mut-graphql-028-add-irrelevant-detail-04/report.md: OK
adversarial/graphql-028/mut-graphql-028-professionalize-language-03/mutation-manifest.yaml: OK
adversarial/graphql-028/mut-graphql-028-professionalize-language-03/report.md: OK
adversarial/graphql-028/mut-graphql-028-remove-affected-version-01/mutation-manifest.yaml: OK
adversarial/graphql-028/mut-graphql-028-remove-affected-version-01/report.md: OK
adversarial/graphql-028/mut-graphql-028-remove-reproduction-step-05/mutation-manifest.yaml: OK
adversarial/graphql-028/mut-graphql-028-remove-reproduction-step-05/report.md: OK
adversarial/headermiss-020/mut-headermiss-020-add-irrelevant-detail-01/mutation-manifest.yaml: OK
adversarial/headermiss-020/mut-headermiss-020-add-irrelevant-detail-01/report.md: OK
adversarial/headermiss-020/mut-headermiss-020-professionalize-language-03/mutation-manifest.yaml: OK
adversarial/headermiss-020/mut-headermiss-020-professionalize-language-03/report.md: OK
adversarial/headermiss-020/mut-headermiss-020-scope-expansion-02/mutation-manifest.yaml: OK
adversarial/headermiss-020/mut-headermiss-020-scope-expansion-02/report.md: OK
adversarial/idor-004/mut-idor-004-add-irrelevant-detail-08/mutation-manifest.yaml: OK
adversarial/idor-004/mut-idor-004-add-irrelevant-detail-08/report.md: OK
adversarial/idor-004/mut-idor-004-contradict-observed-result-07/mutation-manifest.yaml: OK
adversarial/idor-004/mut-idor-004-contradict-observed-result-07/report.md: OK
adversarial/idor-004/mut-idor-004-fabricate-reference-04/mutation-manifest.yaml: OK
adversarial/idor-004/mut-idor-004-fabricate-reference-04/report.md: OK
adversarial/idor-004/mut-idor-004-impossible-precondition-06/mutation-manifest.yaml: OK
adversarial/idor-004/mut-idor-004-impossible-precondition-06/report.md: OK
adversarial/idor-004/mut-idor-004-invent-api-identifier-01/mutation-manifest.yaml: OK
adversarial/idor-004/mut-idor-004-invent-api-identifier-01/report.md: OK
adversarial/idor-004/mut-idor-004-misattribute-cve-05/mutation-manifest.yaml: OK
adversarial/idor-004/mut-idor-004-misattribute-cve-05/report.md: OK
adversarial/idor-004/mut-idor-004-professionalize-language-02/mutation-manifest.yaml: OK
adversarial/idor-004/mut-idor-004-professionalize-language-02/report.md: OK
adversarial/info-006/mut-info-006-add-irrelevant-detail-04/mutation-manifest.yaml: OK
adversarial/info-006/mut-info-006-add-irrelevant-detail-04/report.md: OK
adversarial/info-006/mut-info-006-professionalize-language-02/mutation-manifest.yaml: OK
adversarial/info-006/mut-info-006-professionalize-language-02/report.md: OK
adversarial/info-006/mut-info-006-scope-expansion-01/mutation-manifest.yaml: OK
adversarial/info-006/mut-info-006-scope-expansion-01/report.md: OK
adversarial/infodisc-016/mut-infodisc-016-add-irrelevant-detail-07/mutation-manifest.yaml: OK
adversarial/infodisc-016/mut-infodisc-016-add-irrelevant-detail-07/report.md: OK
adversarial/infodisc-016/mut-infodisc-016-contradict-observed-result-06/mutation-manifest.yaml: OK
adversarial/infodisc-016/mut-infodisc-016-contradict-observed-result-06/report.md: OK
adversarial/infodisc-016/mut-infodisc-016-fabricate-reference-03/mutation-manifest.yaml: OK
adversarial/infodisc-016/mut-infodisc-016-fabricate-reference-03/report.md: OK
adversarial/infodisc-016/mut-infodisc-016-impossible-precondition-05/mutation-manifest.yaml: OK
adversarial/infodisc-016/mut-infodisc-016-impossible-precondition-05/report.md: OK
adversarial/infodisc-016/mut-infodisc-016-misattribute-cve-04/mutation-manifest.yaml: OK
adversarial/infodisc-016/mut-infodisc-016-misattribute-cve-04/report.md: OK
adversarial/infodisc-016/mut-infodisc-016-professionalize-language-01/mutation-manifest.yaml: OK
adversarial/infodisc-016/mut-infodisc-016-professionalize-language-01/report.md: OK
adversarial/infodisc-016/mut-infodisc-016-remove-reproduction-step-08/mutation-manifest.yaml: OK
adversarial/infodisc-016/mut-infodisc-016-remove-reproduction-step-08/report.md: OK
adversarial/jwtalg-026/mut-jwtalg-026-add-irrelevant-detail-03/mutation-manifest.yaml: OK
adversarial/jwtalg-026/mut-jwtalg-026-add-irrelevant-detail-03/report.md: OK
adversarial/jwtalg-026/mut-jwtalg-026-confidence-overstatement-01/mutation-manifest.yaml: OK
adversarial/jwtalg-026/mut-jwtalg-026-confidence-overstatement-01/report.md: OK
adversarial/jwtalg-026/mut-jwtalg-026-professionalize-language-02/mutation-manifest.yaml: OK
adversarial/jwtalg-026/mut-jwtalg-026-professionalize-language-02/report.md: OK
adversarial/jwtalg-026/mut-jwtalg-026-remove-affected-version-05/mutation-manifest.yaml: OK
adversarial/jwtalg-026/mut-jwtalg-026-remove-affected-version-05/report.md: OK
adversarial/jwtalg-026/mut-jwtalg-026-remove-reproduction-step-04/mutation-manifest.yaml: OK
adversarial/jwtalg-026/mut-jwtalg-026-remove-reproduction-step-04/report.md: OK
adversarial/loginject-031/mut-loginject-031-add-irrelevant-detail-02/mutation-manifest.yaml: OK
adversarial/loginject-031/mut-loginject-031-add-irrelevant-detail-02/report.md: OK
adversarial/loginject-031/mut-loginject-031-confidence-overstatement-05/mutation-manifest.yaml: OK
adversarial/loginject-031/mut-loginject-031-confidence-overstatement-05/report.md: OK
adversarial/loginject-031/mut-loginject-031-professionalize-language-01/mutation-manifest.yaml: OK
adversarial/loginject-031/mut-loginject-031-professionalize-language-01/report.md: OK
adversarial/loginject-031/mut-loginject-031-remove-affected-version-04/mutation-manifest.yaml: OK
adversarial/loginject-031/mut-loginject-031-remove-affected-version-04/report.md: OK
adversarial/loginject-031/mut-loginject-031-remove-reproduction-step-03/mutation-manifest.yaml: OK
adversarial/loginject-031/mut-loginject-031-remove-reproduction-step-03/report.md: OK
adversarial/massign-014/mut-massign-014-add-irrelevant-detail-06/mutation-manifest.yaml: OK
adversarial/massign-014/mut-massign-014-add-irrelevant-detail-06/report.md: OK
adversarial/massign-014/mut-massign-014-contradict-observed-result-05/mutation-manifest.yaml: OK
adversarial/massign-014/mut-massign-014-contradict-observed-result-05/report.md: OK
adversarial/massign-014/mut-massign-014-fabricate-reference-02/mutation-manifest.yaml: OK
adversarial/massign-014/mut-massign-014-fabricate-reference-02/report.md: OK
adversarial/massign-014/mut-massign-014-impossible-precondition-04/mutation-manifest.yaml: OK
adversarial/massign-014/mut-massign-014-impossible-precondition-04/report.md: OK
adversarial/massign-014/mut-massign-014-misattribute-cve-03/mutation-manifest.yaml: OK
adversarial/massign-014/mut-massign-014-misattribute-cve-03/report.md: OK
adversarial/massign-014/mut-massign-014-remove-affected-version-08/mutation-manifest.yaml: OK
adversarial/massign-014/mut-massign-014-remove-affected-version-08/report.md: OK
adversarial/massign-014/mut-massign-014-remove-reproduction-step-07/mutation-manifest.yaml: OK
adversarial/massign-014/mut-massign-014-remove-reproduction-step-07/report.md: OK
adversarial/norepro-009/mut-norepro-009-add-irrelevant-detail-03/mutation-manifest.yaml: OK
adversarial/norepro-009/mut-norepro-009-add-irrelevant-detail-03/report.md: OK
adversarial/norepro-009/mut-norepro-009-professionalize-language-01/mutation-manifest.yaml: OK
adversarial/norepro-009/mut-norepro-009-professionalize-language-01/report.md: OK
adversarial/norepro-009/mut-norepro-009-scope-expansion-04/mutation-manifest.yaml: OK
adversarial/norepro-009/mut-norepro-009-scope-expansion-04/report.md: OK
adversarial/oauthstate-029/mut-oauthstate-029-add-irrelevant-detail-01/mutation-manifest.yaml: OK
adversarial/oauthstate-029/mut-oauthstate-029-add-irrelevant-detail-01/report.md: OK
adversarial/oauthstate-029/mut-oauthstate-029-confidence-overstatement-04/mutation-manifest.yaml: OK
adversarial/oauthstate-029/mut-oauthstate-029-confidence-overstatement-04/report.md: OK
adversarial/oauthstate-029/mut-oauthstate-029-professionalize-language-05/mutation-manifest.yaml: OK
adversarial/oauthstate-029/mut-oauthstate-029-professionalize-language-05/report.md: OK
adversarial/oauthstate-029/mut-oauthstate-029-remove-affected-version-03/mutation-manifest.yaml: OK
adversarial/oauthstate-029/mut-oauthstate-029-remove-affected-version-03/report.md: OK
adversarial/oauthstate-029/mut-oauthstate-029-remove-reproduction-step-02/mutation-manifest.yaml: OK
adversarial/oauthstate-029/mut-oauthstate-029-remove-reproduction-step-02/report.md: OK
adversarial/oob-008/mut-oob-008-add-irrelevant-detail-02/mutation-manifest.yaml: OK
adversarial/oob-008/mut-oob-008-add-irrelevant-detail-02/report.md: OK
adversarial/oob-008/mut-oob-008-professionalize-language-04/mutation-manifest.yaml: OK
adversarial/oob-008/mut-oob-008-professionalize-language-04/report.md: OK
adversarial/oob-008/mut-oob-008-scope-expansion-03/mutation-manifest.yaml: OK
adversarial/oob-008/mut-oob-008-scope-expansion-03/report.md: OK
adversarial/openred-015/mut-openred-015-add-irrelevant-detail-05/mutation-manifest.yaml: OK
adversarial/openred-015/mut-openred-015-add-irrelevant-detail-05/report.md: OK
adversarial/openred-015/mut-openred-015-contradict-observed-result-04/mutation-manifest.yaml: OK
adversarial/openred-015/mut-openred-015-contradict-observed-result-04/report.md: OK
adversarial/openred-015/mut-openred-015-fabricate-reference-01/mutation-manifest.yaml: OK
adversarial/openred-015/mut-openred-015-fabricate-reference-01/report.md: OK
adversarial/openred-015/mut-openred-015-impact-inflation-08/mutation-manifest.yaml: OK
adversarial/openred-015/mut-openred-015-impact-inflation-08/report.md: OK
adversarial/openred-015/mut-openred-015-impossible-precondition-03/mutation-manifest.yaml: OK
adversarial/openred-015/mut-openred-015-impossible-precondition-03/report.md: OK
adversarial/openred-015/mut-openred-015-misattribute-cve-02/mutation-manifest.yaml: OK
adversarial/openred-015/mut-openred-015-misattribute-cve-02/report.md: OK
adversarial/openred-015/mut-openred-015-remove-affected-version-07/mutation-manifest.yaml: OK
adversarial/openred-015/mut-openred-015-remove-affected-version-07/report.md: OK
adversarial/openred-015/mut-openred-015-remove-reproduction-step-06/mutation-manifest.yaml: OK
adversarial/openred-015/mut-openred-015-remove-reproduction-step-06/report.md: OK
adversarial/pair1a-cookie/mut-pair1a-cookie-professionalize-language-01/mutation-manifest.yaml: OK
adversarial/pair1a-cookie/mut-pair1a-cookie-professionalize-language-01/report.md: OK
adversarial/pair2a-dirlist/mut-pair2a-dirlist-professionalize-language-01/mutation-manifest.yaml: OK
adversarial/pair2a-dirlist/mut-pair2a-dirlist-professionalize-language-01/report.md: OK
adversarial/pair3a-comment/mut-pair3a-comment-professionalize-language-01/mutation-manifest.yaml: OK
adversarial/pair3a-comment/mut-pair3a-comment-professionalize-language-01/report.md: OK
adversarial/pair4a-passpol/mut-pair4a-passpol-professionalize-language-01/mutation-manifest.yaml: OK
adversarial/pair4a-passpol/mut-pair4a-passpol-professionalize-language-01/report.md: OK
adversarial/pair5a-health/mut-pair5a-health-professionalize-language-01/mutation-manifest.yaml: OK
adversarial/pair5a-health/mut-pair5a-health-professionalize-language-01/report.md: OK
adversarial/pair6a-logout/mut-pair6a-logout-professionalize-language-01/mutation-manifest.yaml: OK
adversarial/pair6a-logout/mut-pair6a-logout-professionalize-language-01/report.md: OK
adversarial/pair7a-404/mut-pair7a-404-professionalize-language-01/mutation-manifest.yaml: OK
adversarial/pair7a-404/mut-pair7a-404-professionalize-language-01/report.md: OK
adversarial/pair8a-session/mut-pair8a-session-professionalize-language-01/mutation-manifest.yaml: OK
adversarial/pair8a-session/mut-pair8a-session-professionalize-language-01/report.md: OK
adversarial/pathtrav-017/mut-pathtrav-017-add-irrelevant-detail-04/mutation-manifest.yaml: OK
adversarial/pathtrav-017/mut-pathtrav-017-add-irrelevant-detail-04/report.md: OK
adversarial/pathtrav-017/mut-pathtrav-017-contradict-observed-result-03/mutation-manifest.yaml: OK
adversarial/pathtrav-017/mut-pathtrav-017-contradict-observed-result-03/report.md: OK
adversarial/pathtrav-017/mut-pathtrav-017-impact-inflation-07/mutation-manifest.yaml: OK
adversarial/pathtrav-017/mut-pathtrav-017-impact-inflation-07/report.md: OK
adversarial/pathtrav-017/mut-pathtrav-017-impossible-precondition-02/mutation-manifest.yaml: OK
adversarial/pathtrav-017/mut-pathtrav-017-impossible-precondition-02/report.md: OK
adversarial/pathtrav-017/mut-pathtrav-017-misattribute-cve-01/mutation-manifest.yaml: OK
adversarial/pathtrav-017/mut-pathtrav-017-misattribute-cve-01/report.md: OK
adversarial/pathtrav-017/mut-pathtrav-017-remove-affected-version-06/mutation-manifest.yaml: OK
adversarial/pathtrav-017/mut-pathtrav-017-remove-affected-version-06/report.md: OK
adversarial/pathtrav-017/mut-pathtrav-017-remove-reproduction-step-05/mutation-manifest.yaml: OK
adversarial/pathtrav-017/mut-pathtrav-017-remove-reproduction-step-05/report.md: OK
adversarial/pathtrav-017/mut-pathtrav-017-scope-expansion-08/mutation-manifest.yaml: OK
adversarial/pathtrav-017/mut-pathtrav-017-scope-expansion-08/report.md: OK
adversarial/perm-012/mut-perm-012-add-irrelevant-detail-05/mutation-manifest.yaml: OK
adversarial/perm-012/mut-perm-012-add-irrelevant-detail-05/report.md: OK
adversarial/perm-012/mut-perm-012-professionalize-language-04/mutation-manifest.yaml: OK
adversarial/perm-012/mut-perm-012-professionalize-language-04/report.md: OK
adversarial/perm-012/mut-perm-012-remove-affected-version-02/mutation-manifest.yaml: OK
adversarial/perm-012/mut-perm-012-remove-affected-version-02/report.md: OK
adversarial/perm-012/mut-perm-012-remove-reproduction-step-01/mutation-manifest.yaml: OK
adversarial/perm-012/mut-perm-012-remove-reproduction-step-01/report.md: OK
adversarial/permdiff-020/mut-permdiff-020-add-irrelevant-detail-04/mutation-manifest.yaml: OK
adversarial/permdiff-020/mut-permdiff-020-add-irrelevant-detail-04/report.md: OK
adversarial/permdiff-020/mut-permdiff-020-professionalize-language-03/mutation-manifest.yaml: OK
adversarial/permdiff-020/mut-permdiff-020-professionalize-language-03/report.md: OK
adversarial/permdiff-020/mut-permdiff-020-remove-affected-version-01/mutation-manifest.yaml: OK
adversarial/permdiff-020/mut-permdiff-020-remove-affected-version-01/report.md: OK
adversarial/permdiff-020/mut-permdiff-020-remove-reproduction-step-05/mutation-manifest.yaml: OK
adversarial/permdiff-020/mut-permdiff-020-remove-reproduction-step-05/report.md: OK
adversarial/racecond-018/mut-racecond-018-add-irrelevant-detail-03/mutation-manifest.yaml: OK
adversarial/racecond-018/mut-racecond-018-add-irrelevant-detail-03/report.md: OK
adversarial/racecond-018/mut-racecond-018-contradict-observed-result-02/mutation-manifest.yaml: OK
adversarial/racecond-018/mut-racecond-018-contradict-observed-result-02/report.md: OK
adversarial/racecond-018/mut-racecond-018-impact-inflation-06/mutation-manifest.yaml: OK
adversarial/racecond-018/mut-racecond-018-impact-inflation-06/report.md: OK
adversarial/racecond-018/mut-racecond-018-impossible-precondition-01/mutation-manifest.yaml: OK
adversarial/racecond-018/mut-racecond-018-impossible-precondition-01/report.md: OK
adversarial/racecond-018/mut-racecond-018-invent-api-identifier-08/mutation-manifest.yaml: OK
adversarial/racecond-018/mut-racecond-018-invent-api-identifier-08/report.md: OK
adversarial/racecond-018/mut-racecond-018-remove-affected-version-05/mutation-manifest.yaml: OK
adversarial/racecond-018/mut-racecond-018-remove-affected-version-05/report.md: OK
adversarial/racecond-018/mut-racecond-018-remove-reproduction-step-04/mutation-manifest.yaml: OK
adversarial/racecond-018/mut-racecond-018-remove-reproduction-step-04/report.md: OK
adversarial/racecond-018/mut-racecond-018-scope-expansion-07/mutation-manifest.yaml: OK
adversarial/racecond-018/mut-racecond-018-scope-expansion-07/report.md: OK
adversarial/ratelimit-010/mut-ratelimit-010-add-irrelevant-detail-03/mutation-manifest.yaml: OK
adversarial/ratelimit-010/mut-ratelimit-010-add-irrelevant-detail-03/report.md: OK
adversarial/ratelimit-010/mut-ratelimit-010-confidence-overstatement-01/mutation-manifest.yaml: OK
adversarial/ratelimit-010/mut-ratelimit-010-confidence-overstatement-01/report.md: OK
adversarial/ratelimit-010/mut-ratelimit-010-professionalize-language-02/mutation-manifest.yaml: OK
adversarial/ratelimit-010/mut-ratelimit-010-professionalize-language-02/report.md: OK
adversarial/ratelimit-010/mut-ratelimit-010-remove-affected-version-05/mutation-manifest.yaml: OK
adversarial/ratelimit-010/mut-ratelimit-010-remove-affected-version-05/report.md: OK
adversarial/ratelimit-010/mut-ratelimit-010-remove-reproduction-step-04/mutation-manifest.yaml: OK
adversarial/ratelimit-010/mut-ratelimit-010-remove-reproduction-step-04/report.md: OK
adversarial/ratelimit2-032/mut-ratelimit2-032-add-irrelevant-detail-02/mutation-manifest.yaml: OK
adversarial/ratelimit2-032/mut-ratelimit2-032-add-irrelevant-detail-02/report.md: OK
adversarial/ratelimit2-032/mut-ratelimit2-032-professionalize-language-01/mutation-manifest.yaml: OK
adversarial/ratelimit2-032/mut-ratelimit2-032-professionalize-language-01/report.md: OK
adversarial/ratelimit2-032/mut-ratelimit2-032-remove-affected-version-04/mutation-manifest.yaml: OK
adversarial/ratelimit2-032/mut-ratelimit2-032-remove-affected-version-04/report.md: OK
adversarial/ratelimit2-032/mut-ratelimit2-032-remove-reproduction-step-03/mutation-manifest.yaml: OK
adversarial/ratelimit2-032/mut-ratelimit2-032-remove-reproduction-step-03/report.md: OK
adversarial/robots-022/mut-robots-022-add-irrelevant-detail-01/mutation-manifest.yaml: OK
adversarial/robots-022/mut-robots-022-add-irrelevant-detail-01/report.md: OK
adversarial/robots-022/mut-robots-022-professionalize-language-03/mutation-manifest.yaml: OK
adversarial/robots-022/mut-robots-022-professionalize-language-03/report.md: OK
adversarial/robots-022/mut-robots-022-scope-expansion-02/mutation-manifest.yaml: OK
adversarial/robots-022/mut-robots-022-scope-expansion-02/report.md: OK
adversarial/saml-019/mut-saml-019-add-irrelevant-detail-02/mutation-manifest.yaml: OK
adversarial/saml-019/mut-saml-019-add-irrelevant-detail-02/report.md: OK
adversarial/saml-019/mut-saml-019-contradict-observed-result-01/mutation-manifest.yaml: OK
adversarial/saml-019/mut-saml-019-contradict-observed-result-01/report.md: OK
adversarial/saml-019/mut-saml-019-impact-inflation-05/mutation-manifest.yaml: OK
adversarial/saml-019/mut-saml-019-impact-inflation-05/report.md: OK
adversarial/saml-019/mut-saml-019-invent-api-identifier-07/mutation-manifest.yaml: OK
adversarial/saml-019/mut-saml-019-invent-api-identifier-07/report.md: OK
adversarial/saml-019/mut-saml-019-professionalize-language-08/mutation-manifest.yaml: OK
adversarial/saml-019/mut-saml-019-professionalize-language-08/report.md: OK
adversarial/saml-019/mut-saml-019-remove-affected-version-04/mutation-manifest.yaml: OK
adversarial/saml-019/mut-saml-019-remove-affected-version-04/report.md: OK
adversarial/saml-019/mut-saml-019-remove-reproduction-step-03/mutation-manifest.yaml: OK
adversarial/saml-019/mut-saml-019-remove-reproduction-step-03/report.md: OK
adversarial/saml-019/mut-saml-019-scope-expansion-06/mutation-manifest.yaml: OK
adversarial/saml-019/mut-saml-019-scope-expansion-06/report.md: OK
adversarial/selfreg-023/mut-selfreg-023-add-irrelevant-detail-04/mutation-manifest.yaml: OK
adversarial/selfreg-023/mut-selfreg-023-add-irrelevant-detail-04/report.md: OK
adversarial/selfreg-023/mut-selfreg-023-professionalize-language-02/mutation-manifest.yaml: OK
adversarial/selfreg-023/mut-selfreg-023-professionalize-language-02/report.md: OK
adversarial/selfreg-023/mut-selfreg-023-scope-expansion-01/mutation-manifest.yaml: OK
adversarial/selfreg-023/mut-selfreg-023-scope-expansion-01/report.md: OK
adversarial/sqlx-002/mut-sqlx-002-add-irrelevant-detail-01/mutation-manifest.yaml: OK
adversarial/sqlx-002/mut-sqlx-002-add-irrelevant-detail-01/report.md: OK
adversarial/sqlx-002/mut-sqlx-002-impact-inflation-04/mutation-manifest.yaml: OK
adversarial/sqlx-002/mut-sqlx-002-impact-inflation-04/report.md: OK
adversarial/sqlx-002/mut-sqlx-002-invent-api-identifier-06/mutation-manifest.yaml: OK
adversarial/sqlx-002/mut-sqlx-002-invent-api-identifier-06/report.md: OK
adversarial/sqlx-002/mut-sqlx-002-professionalize-language-07/mutation-manifest.yaml: OK
adversarial/sqlx-002/mut-sqlx-002-professionalize-language-07/report.md: OK
adversarial/sqlx-002/mut-sqlx-002-remove-affected-version-03/mutation-manifest.yaml: OK
adversarial/sqlx-002/mut-sqlx-002-remove-affected-version-03/report.md: OK
adversarial/sqlx-002/mut-sqlx-002-remove-reproduction-step-02/mutation-manifest.yaml: OK
adversarial/sqlx-002/mut-sqlx-002-remove-reproduction-step-02/report.md: OK
adversarial/sqlx-002/mut-sqlx-002-scope-expansion-05/mutation-manifest.yaml: OK
adversarial/sqlx-002/mut-sqlx-002-scope-expansion-05/report.md: OK
adversarial/ssrf-005/mut-ssrf-005-fabricate-reference-08/mutation-manifest.yaml: OK
adversarial/ssrf-005/mut-ssrf-005-fabricate-reference-08/report.md: OK
adversarial/ssrf-005/mut-ssrf-005-impact-inflation-03/mutation-manifest.yaml: OK
adversarial/ssrf-005/mut-ssrf-005-impact-inflation-03/report.md: OK
adversarial/ssrf-005/mut-ssrf-005-invent-api-identifier-05/mutation-manifest.yaml: OK
adversarial/ssrf-005/mut-ssrf-005-invent-api-identifier-05/report.md: OK
adversarial/ssrf-005/mut-ssrf-005-professionalize-language-06/mutation-manifest.yaml: OK
adversarial/ssrf-005/mut-ssrf-005-professionalize-language-06/report.md: OK
adversarial/ssrf-005/mut-ssrf-005-remove-affected-version-02/mutation-manifest.yaml: OK
adversarial/ssrf-005/mut-ssrf-005-remove-affected-version-02/report.md: OK
adversarial/ssrf-005/mut-ssrf-005-remove-reproduction-step-01/mutation-manifest.yaml: OK
adversarial/ssrf-005/mut-ssrf-005-remove-reproduction-step-01/report.md: OK
adversarial/ssrf-005/mut-ssrf-005-scope-expansion-04/mutation-manifest.yaml: OK
adversarial/ssrf-005/mut-ssrf-005-scope-expansion-04/report.md: OK
adversarial/tokenurl-013/mut-tokenurl-013-fabricate-reference-07/mutation-manifest.yaml: OK
adversarial/tokenurl-013/mut-tokenurl-013-fabricate-reference-07/report.md: OK
adversarial/tokenurl-013/mut-tokenurl-013-impact-inflation-02/mutation-manifest.yaml: OK
adversarial/tokenurl-013/mut-tokenurl-013-impact-inflation-02/report.md: OK
adversarial/tokenurl-013/mut-tokenurl-013-invent-api-identifier-04/mutation-manifest.yaml: OK
adversarial/tokenurl-013/mut-tokenurl-013-invent-api-identifier-04/report.md: OK
adversarial/tokenurl-013/mut-tokenurl-013-misattribute-cve-08/mutation-manifest.yaml: OK
adversarial/tokenurl-013/mut-tokenurl-013-misattribute-cve-08/report.md: OK
adversarial/tokenurl-013/mut-tokenurl-013-professionalize-language-05/mutation-manifest.yaml: OK
adversarial/tokenurl-013/mut-tokenurl-013-professionalize-language-05/report.md: OK
adversarial/tokenurl-013/mut-tokenurl-013-remove-affected-version-01/mutation-manifest.yaml: OK
adversarial/tokenurl-013/mut-tokenurl-013-remove-affected-version-01/report.md: OK
adversarial/tokenurl-013/mut-tokenurl-013-scope-expansion-03/mutation-manifest.yaml: OK
adversarial/tokenurl-013/mut-tokenurl-013-scope-expansion-03/report.md: OK
adversarial/totiming-019/mut-totiming-019-add-irrelevant-detail-01/mutation-manifest.yaml: OK
adversarial/totiming-019/mut-totiming-019-add-irrelevant-detail-01/report.md: OK
adversarial/totiming-019/mut-totiming-019-professionalize-language-05/mutation-manifest.yaml: OK
adversarial/totiming-019/mut-totiming-019-professionalize-language-05/report.md: OK
adversarial/totiming-019/mut-totiming-019-remove-affected-version-03/mutation-manifest.yaml: OK
adversarial/totiming-019/mut-totiming-019-remove-affected-version-03/report.md: OK
adversarial/totiming-019/mut-totiming-019-remove-reproduction-step-02/mutation-manifest.yaml: OK
adversarial/totiming-019/mut-totiming-019-remove-reproduction-step-02/report.md: OK
adversarial/verb-021/mut-verb-021-add-irrelevant-detail-03/mutation-manifest.yaml: OK
adversarial/verb-021/mut-verb-021-add-irrelevant-detail-03/report.md: OK
adversarial/verb-021/mut-verb-021-professionalize-language-01/mutation-manifest.yaml: OK
adversarial/verb-021/mut-verb-021-professionalize-language-01/report.md: OK
adversarial/verb-021/mut-verb-021-scope-expansion-04/mutation-manifest.yaml: OK
adversarial/verb-021/mut-verb-021-scope-expansion-04/report.md: OK
adversarial/versiondisc-024/mut-versiondisc-024-add-irrelevant-detail-02/mutation-manifest.yaml: OK
adversarial/versiondisc-024/mut-versiondisc-024-add-irrelevant-detail-02/report.md: OK
adversarial/versiondisc-024/mut-versiondisc-024-professionalize-language-04/mutation-manifest.yaml: OK
adversarial/versiondisc-024/mut-versiondisc-024-professionalize-language-04/report.md: OK
adversarial/versiondisc-024/mut-versiondisc-024-scope-expansion-03/mutation-manifest.yaml: OK
adversarial/versiondisc-024/mut-versiondisc-024-scope-expansion-03/report.md: OK
adversarial/websig-018/mut-websig-018-fabricate-reference-06/mutation-manifest.yaml: OK
adversarial/websig-018/mut-websig-018-fabricate-reference-06/report.md: OK
adversarial/websig-018/mut-websig-018-impact-inflation-01/mutation-manifest.yaml: OK
adversarial/websig-018/mut-websig-018-impact-inflation-01/report.md: OK
adversarial/websig-018/mut-websig-018-impossible-precondition-08/mutation-manifest.yaml: OK
adversarial/websig-018/mut-websig-018-impossible-precondition-08/report.md: OK
adversarial/websig-018/mut-websig-018-invent-api-identifier-03/mutation-manifest.yaml: OK
adversarial/websig-018/mut-websig-018-invent-api-identifier-03/report.md: OK
adversarial/websig-018/mut-websig-018-misattribute-cve-07/mutation-manifest.yaml: OK
adversarial/websig-018/mut-websig-018-misattribute-cve-07/report.md: OK
adversarial/websig-018/mut-websig-018-professionalize-language-04/mutation-manifest.yaml: OK
adversarial/websig-018/mut-websig-018-professionalize-language-04/report.md: OK
adversarial/websig-018/mut-websig-018-scope-expansion-02/mutation-manifest.yaml: OK
adversarial/websig-018/mut-websig-018-scope-expansion-02/report.md: OK
adversarial/wstoken-022/mut-wstoken-022-add-irrelevant-detail-05/mutation-manifest.yaml: OK
adversarial/wstoken-022/mut-wstoken-022-add-irrelevant-detail-05/report.md: OK
adversarial/wstoken-022/mut-wstoken-022-confidence-overstatement-03/mutation-manifest.yaml: OK
adversarial/wstoken-022/mut-wstoken-022-confidence-overstatement-03/report.md: OK
adversarial/wstoken-022/mut-wstoken-022-professionalize-language-04/mutation-manifest.yaml: OK
adversarial/wstoken-022/mut-wstoken-022-professionalize-language-04/report.md: OK
adversarial/wstoken-022/mut-wstoken-022-remove-affected-version-02/mutation-manifest.yaml: OK
adversarial/wstoken-022/mut-wstoken-022-remove-affected-version-02/report.md: OK
adversarial/wstoken-022/mut-wstoken-022-remove-reproduction-step-01/mutation-manifest.yaml: OK
adversarial/wstoken-022/mut-wstoken-022-remove-reproduction-step-01/report.md: OK
adversarial/xsrf-003/mut-xsrf-003-contradict-observed-result-08/mutation-manifest.yaml: OK
adversarial/xsrf-003/mut-xsrf-003-contradict-observed-result-08/report.md: OK
adversarial/xsrf-003/mut-xsrf-003-fabricate-reference-05/mutation-manifest.yaml: OK
adversarial/xsrf-003/mut-xsrf-003-fabricate-reference-05/report.md: OK
adversarial/xsrf-003/mut-xsrf-003-impossible-precondition-07/mutation-manifest.yaml: OK
adversarial/xsrf-003/mut-xsrf-003-impossible-precondition-07/report.md: OK
adversarial/xsrf-003/mut-xsrf-003-invent-api-identifier-02/mutation-manifest.yaml: OK
adversarial/xsrf-003/mut-xsrf-003-invent-api-identifier-02/report.md: OK
adversarial/xsrf-003/mut-xsrf-003-misattribute-cve-06/mutation-manifest.yaml: OK
adversarial/xsrf-003/mut-xsrf-003-misattribute-cve-06/report.md: OK
adversarial/xsrf-003/mut-xsrf-003-professionalize-language-03/mutation-manifest.yaml: OK
adversarial/xsrf-003/mut-xsrf-003-professionalize-language-03/report.md: OK
adversarial/xsrf-003/mut-xsrf-003-scope-expansion-01/mutation-manifest.yaml: OK
adversarial/xsrf-003/mut-xsrf-003-scope-expansion-01/report.md: OK
adversarial/xssref-016/mut-xssref-016-add-irrelevant-detail-08/mutation-manifest.yaml: OK
adversarial/xssref-016/mut-xssref-016-add-irrelevant-detail-08/report.md: OK
adversarial/xssref-016/mut-xssref-016-contradict-observed-result-07/mutation-manifest.yaml: OK
adversarial/xssref-016/mut-xssref-016-contradict-observed-result-07/report.md: OK
adversarial/xssref-016/mut-xssref-016-fabricate-reference-04/mutation-manifest.yaml: OK
adversarial/xssref-016/mut-xssref-016-fabricate-reference-04/report.md: OK
adversarial/xssref-016/mut-xssref-016-impossible-precondition-06/mutation-manifest.yaml: OK
adversarial/xssref-016/mut-xssref-016-impossible-precondition-06/report.md: OK
adversarial/xssref-016/mut-xssref-016-invent-api-identifier-01/mutation-manifest.yaml: OK
adversarial/xssref-016/mut-xssref-016-invent-api-identifier-01/report.md: OK
adversarial/xssref-016/mut-xssref-016-misattribute-cve-05/mutation-manifest.yaml: OK
adversarial/xssref-016/mut-xssref-016-misattribute-cve-05/report.md: OK
adversarial/xssref-016/mut-xssref-016-professionalize-language-02/mutation-manifest.yaml: OK
adversarial/xssref-016/mut-xssref-016-professionalize-language-02/report.md: OK
adversarial/xsssto-013/mut-xsssto-013-add-irrelevant-detail-07/mutation-manifest.yaml: OK
adversarial/xsssto-013/mut-xsssto-013-add-irrelevant-detail-07/report.md: OK
adversarial/xsssto-013/mut-xsssto-013-contradict-observed-result-06/mutation-manifest.yaml: OK
adversarial/xsssto-013/mut-xsssto-013-contradict-observed-result-06/report.md: OK
adversarial/xsssto-013/mut-xsssto-013-fabricate-reference-03/mutation-manifest.yaml: OK
adversarial/xsssto-013/mut-xsssto-013-fabricate-reference-03/report.md: OK
adversarial/xsssto-013/mut-xsssto-013-impossible-precondition-05/mutation-manifest.yaml: OK
adversarial/xsssto-013/mut-xsssto-013-impossible-precondition-05/report.md: OK
adversarial/xsssto-013/mut-xsssto-013-misattribute-cve-04/mutation-manifest.yaml: OK
adversarial/xsssto-013/mut-xsssto-013-misattribute-cve-04/report.md: OK
adversarial/xsssto-013/mut-xsssto-013-professionalize-language-01/mutation-manifest.yaml: OK
adversarial/xsssto-013/mut-xsssto-013-professionalize-language-01/report.md: OK
adversarial/xsssto-013/mut-xsssto-013-remove-reproduction-step-08/mutation-manifest.yaml: OK
adversarial/xsssto-013/mut-xsssto-013-remove-reproduction-step-08/report.md: OK
analysis.json: OK
completion.json: OK
execution-recipe.json: OK
input-identity.json: OK
manifest.json: OK
materialization-ledger.jsonl: OK
records.jsonl: OK
report.md: OK
results.csv: OK
suite-index.jsonl: OK
